     i=1, count=             1.000
     i=2, count=             2.000
     i=3, count=             3.000
     i=4, count=             4.000
     i=5, count=             5.000
     a=1, count=             0.000
     a=2, count=             0.000
     a=3, count=             0.000
     a=4, count=             0.000
     a=5, count=             0.000
