(B)0[?1048h[?1047h[1;46r[m[4l[?7h[?1047l[?1048l[H[2J[39;49m[39;49m[37m[40m[H[2J[?1h=[39;49m[m[J[?1h=[H[2J[?1h=[0mlqqqqqqqqqqqqqqk[2d[0mx[2;16H[0mx[3d[0mx[3;16H[0mx[4d[0mx[4;16H[0mx[5d[0mx[5;16H[0mx[6d[0mmqqqqqqqqqqqqqqj[H[4;16H[5d[?1h=[A[C[[37m  [39;49m[m] [[37m  [39;49m[m] [[37m  [39;49m[m][3G  ] [  ] [  [3G[37m  [39;49m[m] [[37m  [39;49m[m] [[37m  [3G[39;49m[m[5;16H[4;3H[37m>[39;49m[m[37m1[39;49m[m[>1          ][>1[4;14H[1K   [5;16H[A  [37m>1[39;49m[m[8G[5;16H[A[Z[37m*[39;49m[m[37ma 	[39;49m[m[*a          ][*a[4;14H[1K   [5;16H[A[Z[37m*a[Z[39;49m[m[13G[5;16H[A[37m<[39;49m[m[37m= [39;49m[m[<=          ][<=3[4;14H[1K[5G[5;16H[A[37m<=[39;49m[m[5;16H[H[J[46;1H[?1l>test.a>'1' AND test.b matches '*a' AND test.c<='3'
