                                                                                
                                                                                
                                                                                
     6 [123.45]                                                                 
     5 [123.5]                                                                  
     4 [ 123]                                                                   
                                                                                
                                                                                
                                                                                
                                                                                
                                                                                
                                                                                
                                                                                
                                                                                
                                                                                
                                                                                
                                                                                
                                                                                
                                                                                
                                                                                
                                                                                
                                                                                
                                                                                
                                                                                
