                                                                                
                                                                                
  [2008-06-26 10:]                                                              
  [2008-06-26 10:1]                                                             
  [2008-06-26 10:17]                                                            
  [2008-06-26 10:17 ]                                                           
                                                                                
                                                                                
                                                                                
                                                                                
                                                                                
                                                                                
                                                                                
                                                                                
                                                                                
                                                                                
                                                                                
                                                                                
                                                                                
                                                                                
                                                                                
                                                                                
                                                                                
                                                                                
