if I have      05.00 USD (US Dollars) thats about           5.00 US Dollars
if I have      05.00 EUR (Euro) thats about           4.44 US Dollars
if I have      05.00 JPY (Japan Yen) thats about           0.04 US Dollars
if I have      05.00 NZD (New Zealand Dollars) thats about           2.24 US Dollars
if I have      05.00 PTE (Portugal Escudos) thats about           0.02 US Dollars
