


     i=          1
     Simple text, please ignore 








     i=          2
     Simple text, please ignore 








     i=          3
     Simple text, please ignore 








     i=          4
     Simple text, please ignore 








     i=          5
     Simple text, please ignore 








     i=          6
     Simple text, please ignore 








     i=          7
     Simple text, please ignore 








     i=          8
     Simple text, please ignore 








     i=          9
     Simple text, please ignore 








     i=         10
     Simple text, please ignore 








     i=         11
     Simple text, please ignore 








     i=         12
     Simple text, please ignore 








     i=         13
     Simple text, please ignore 








     i=         14
     Simple text, please ignore 








     i=         15
     Simple text, please ignore 








     i=         16
     Simple text, please ignore 








     i=         17
     Simple text, please ignore 








     i=         18
     Simple text, please ignore 








     i=         19
     Simple text, please ignore 








     i=         20
     Simple text, please ignore 








     i=         21
     Simple text, please ignore 








     i=         22
     Simple text, please ignore 








     i=         23
     Simple text, please ignore 








     i=         24
     Simple text, please ignore 








     i=         25
     Simple text, please ignore 








     i=         26
     Simple text, please ignore 








     i=         27
     Simple text, please ignore 








     i=         28
     Simple text, please ignore 








     i=         29
     Simple text, please ignore 








     i=         30
     Simple text, please ignore 








     i=         31
     Simple text, please ignore 








     i=         32
     Simple text, please ignore 








     i=         33
     Simple text, please ignore 








     i=         34
     Simple text, please ignore 








     i=         35
     Simple text, please ignore 








     i=         36
     Simple text, please ignore 








     i=         37
     Simple text, please ignore 








     i=         38
     Simple text, please ignore 








     i=         39
     Simple text, please ignore 








     i=         40
     Simple text, please ignore 








     i=         41
     Simple text, please ignore 








     i=         42
     Simple text, please ignore 








     i=         43
     Simple text, please ignore 








     i=         44
     Simple text, please ignore 








     i=         45
     Simple text, please ignore 








     i=         46
     Simple text, please ignore 








     i=         47
     Simple text, please ignore 








     i=         48
     Simple text, please ignore 








     i=         49
     Simple text, please ignore 








     i=         50
     Simple text, please ignore 








     i=         51
     Simple text, please ignore 








     i=         52
     Simple text, please ignore 








     i=         53
     Simple text, please ignore 








     i=         54
     Simple text, please ignore 








     i=         55
     Simple text, please ignore 








     i=         56
     Simple text, please ignore 








     i=         57
     Simple text, please ignore 








     i=         58
     Simple text, please ignore 








     i=         59
     Simple text, please ignore 








     i=         60
     Simple text, please ignore 








     i=         61
     Simple text, please ignore 








     i=         62
     Simple text, please ignore 








     i=         63
     Simple text, please ignore 








     i=         64
     Simple text, please ignore 








     i=         65
     Simple text, please ignore 








     i=         66
     Simple text, please ignore 








     i=         67
     Simple text, please ignore 








     i=         68
     Simple text, please ignore 








     i=         69
     Simple text, please ignore 








     i=         70
     Simple text, please ignore 








     i=         71
     Simple text, please ignore 








     i=         72
     Simple text, please ignore 








     i=         73
     Simple text, please ignore 








     i=         74
     Simple text, please ignore 








     i=         75
     Simple text, please ignore 








     i=         76
     Simple text, please ignore 








     i=         77
     Simple text, please ignore 








     i=         78
     Simple text, please ignore 








     i=         79
     Simple text, please ignore 








     i=         80
     Simple text, please ignore 








     i=         81
     Simple text, please ignore 








     i=         82
     Simple text, please ignore 








     i=         83
     Simple text, please ignore 








     i=         84
     Simple text, please ignore 








     i=         85
     Simple text, please ignore 








     i=         86
     Simple text, please ignore 








     i=         87
     Simple text, please ignore 








     i=         88
     Simple text, please ignore 








     i=         89
     Simple text, please ignore 








     i=         90
     Simple text, please ignore 








     i=         91
     Simple text, please ignore 








     i=         92
     Simple text, please ignore 








     i=         93
     Simple text, please ignore 








     i=         94
     Simple text, please ignore 








     i=         95
     Simple text, please ignore 








     i=         96
     Simple text, please ignore 








     i=         97
     Simple text, please ignore 








     i=         98
     Simple text, please ignore 








     i=         99
     Simple text, please ignore 








     i=        100
     Simple text, please ignore 








     i=        101
     Simple text, please ignore 








     i=        102
     Simple text, please ignore 








     i=        103
     Simple text, please ignore 








     i=        104
     Simple text, please ignore 








     i=        105
     Simple text, please ignore 








     i=        106
     Simple text, please ignore 








     i=        107
     Simple text, please ignore 








     i=        108
     Simple text, please ignore 








     i=        109
     Simple text, please ignore 








     i=        110
     Simple text, please ignore 








     i=        111
     Simple text, please ignore 








     i=        112
     Simple text, please ignore 








     i=        113
     Simple text, please ignore 








     i=        114
     Simple text, please ignore 








     i=        115
     Simple text, please ignore 








     i=        116
     Simple text, please ignore 








     i=        117
     Simple text, please ignore 








     i=        118
     Simple text, please ignore 








     i=        119
     Simple text, please ignore 








     i=        120
     Simple text, please ignore 








     i=        121
     Simple text, please ignore 








     i=        122
     Simple text, please ignore 








     i=        123
     Simple text, please ignore 








     i=        124
     Simple text, please ignore 








     i=        125
     Simple text, please ignore 








     i=        126
     Simple text, please ignore 








     i=        127
     Simple text, please ignore 








     i=        128
     Simple text, please ignore 








     i=        129
     Simple text, please ignore 








     i=        130
     Simple text, please ignore 








     i=        131
     Simple text, please ignore 








     i=        132
     Simple text, please ignore 








     i=        133
     Simple text, please ignore 








     i=        134
     Simple text, please ignore 








     i=        135
     Simple text, please ignore 








     i=        136
     Simple text, please ignore 








     i=        137
     Simple text, please ignore 








     i=        138
     Simple text, please ignore 








     i=        139
     Simple text, please ignore 








     i=        140
     Simple text, please ignore 








     i=        141
     Simple text, please ignore 








     i=        142
     Simple text, please ignore 








     i=        143
     Simple text, please ignore 








     i=        144
     Simple text, please ignore 








     i=        145
     Simple text, please ignore 








     i=        146
     Simple text, please ignore 








     i=        147
     Simple text, please ignore 








     i=        148
     Simple text, please ignore 








     i=        149
     Simple text, please ignore 








     i=        150
     Simple text, please ignore 








     i=        151
     Simple text, please ignore 








     i=        152
     Simple text, please ignore 








     i=        153
     Simple text, please ignore 








     i=        154
     Simple text, please ignore 








     i=        155
     Simple text, please ignore 








     i=        156
     Simple text, please ignore 








     i=        157
     Simple text, please ignore 








     i=        158
     Simple text, please ignore 








     i=        159
     Simple text, please ignore 








     i=        160
     Simple text, please ignore 








     i=        161
     Simple text, please ignore 








     i=        162
     Simple text, please ignore 








     i=        163
     Simple text, please ignore 








     i=        164
     Simple text, please ignore 








     i=        165
     Simple text, please ignore 








     i=        166
     Simple text, please ignore 








     i=        167
     Simple text, please ignore 








     i=        168
     Simple text, please ignore 








     i=        169
     Simple text, please ignore 








     i=        170
     Simple text, please ignore 








     i=        171
     Simple text, please ignore 








     i=        172
     Simple text, please ignore 








     i=        173
     Simple text, please ignore 








     i=        174
     Simple text, please ignore 








     i=        175
     Simple text, please ignore 








     i=        176
     Simple text, please ignore 








     i=        177
     Simple text, please ignore 








     i=        178
     Simple text, please ignore 








     i=        179
     Simple text, please ignore 








     i=        180
     Simple text, please ignore 








     i=        181
     Simple text, please ignore 








     i=        182
     Simple text, please ignore 








     i=        183
     Simple text, please ignore 








     i=        184
     Simple text, please ignore 








     i=        185
     Simple text, please ignore 








     i=        186
     Simple text, please ignore 








     i=        187
     Simple text, please ignore 








     i=        188
     Simple text, please ignore 








     i=        189
     Simple text, please ignore 








     i=        190
     Simple text, please ignore 








     i=        191
     Simple text, please ignore 








     i=        192
     Simple text, please ignore 








     i=        193
     Simple text, please ignore 








     i=        194
     Simple text, please ignore 








     i=        195
     Simple text, please ignore 








     i=        196
     Simple text, please ignore 








     i=        197
     Simple text, please ignore 








     i=        198
     Simple text, please ignore 








     i=        199
     Simple text, please ignore 








     i=        200
     Simple text, please ignore 








     i=        201
     Simple text, please ignore 








     i=        202
     Simple text, please ignore 








     i=        203
     Simple text, please ignore 








     i=        204
     Simple text, please ignore 








     i=        205
     Simple text, please ignore 








     i=        206
     Simple text, please ignore 








     i=        207
     Simple text, please ignore 








     i=        208
     Simple text, please ignore 








     i=        209
     Simple text, please ignore 








     i=        210
     Simple text, please ignore 








     i=        211
     Simple text, please ignore 








     i=        212
     Simple text, please ignore 








     i=        213
     Simple text, please ignore 








     i=        214
     Simple text, please ignore 








     i=        215
     Simple text, please ignore 








     i=        216
     Simple text, please ignore 








     i=        217
     Simple text, please ignore 








     i=        218
     Simple text, please ignore 








     i=        219
     Simple text, please ignore 








     i=        220
     Simple text, please ignore 








     i=        221
     Simple text, please ignore 








     i=        222
     Simple text, please ignore 








     i=        223
     Simple text, please ignore 








     i=        224
     Simple text, please ignore 








     i=        225
     Simple text, please ignore 








     i=        226
     Simple text, please ignore 








     i=        227
     Simple text, please ignore 








     i=        228
     Simple text, please ignore 








     i=        229
     Simple text, please ignore 








     i=        230
     Simple text, please ignore 








     i=        231
     Simple text, please ignore 








     i=        232
     Simple text, please ignore 








     i=        233
     Simple text, please ignore 








     i=        234
     Simple text, please ignore 








     i=        235
     Simple text, please ignore 








     i=        236
     Simple text, please ignore 








     i=        237
     Simple text, please ignore 








     i=        238
     Simple text, please ignore 








     i=        239
     Simple text, please ignore 








     i=        240
     Simple text, please ignore 








     i=        241
     Simple text, please ignore 








     i=        242
     Simple text, please ignore 








     i=        243
     Simple text, please ignore 








     i=        244
     Simple text, please ignore 








     i=        245
     Simple text, please ignore 








     i=        246
     Simple text, please ignore 








     i=        247
     Simple text, please ignore 








     i=        248
     Simple text, please ignore 








     i=        249
     Simple text, please ignore 








     i=        250
     Simple text, please ignore 








     i=        251
     Simple text, please ignore 








     i=        252
     Simple text, please ignore 








     i=        253
     Simple text, please ignore 








     i=        254
     Simple text, please ignore 








     i=        255
     Simple text, please ignore 








     i=        256
     Simple text, please ignore 








     i=        257
     Simple text, please ignore 








     i=        258
     Simple text, please ignore 








     i=        259
     Simple text, please ignore 








     i=        260
     Simple text, please ignore 








     i=        261
     Simple text, please ignore 








     i=        262
     Simple text, please ignore 








     i=        263
     Simple text, please ignore 








     i=        264
     Simple text, please ignore 








     i=        265
     Simple text, please ignore 








     i=        266
     Simple text, please ignore 








     i=        267
     Simple text, please ignore 








     i=        268
     Simple text, please ignore 








     i=        269
     Simple text, please ignore 








     i=        270
     Simple text, please ignore 








     i=        271
     Simple text, please ignore 








     i=        272
     Simple text, please ignore 








     i=        273
     Simple text, please ignore 








     i=        274
     Simple text, please ignore 








     i=        275
     Simple text, please ignore 








     i=        276
     Simple text, please ignore 








     i=        277
     Simple text, please ignore 








     i=        278
     Simple text, please ignore 








     i=        279
     Simple text, please ignore 








     i=        280
     Simple text, please ignore 








     i=        281
     Simple text, please ignore 








     i=        282
     Simple text, please ignore 








     i=        283
     Simple text, please ignore 








     i=        284
     Simple text, please ignore 








     i=        285
     Simple text, please ignore 








     i=        286
     Simple text, please ignore 








     i=        287
     Simple text, please ignore 








     i=        288
     Simple text, please ignore 








     i=        289
     Simple text, please ignore 








     i=        290
     Simple text, please ignore 








     i=        291
     Simple text, please ignore 








     i=        292
     Simple text, please ignore 








     i=        293
     Simple text, please ignore 








     i=        294
     Simple text, please ignore 








     i=        295
     Simple text, please ignore 








     i=        296
     Simple text, please ignore 








     i=        297
     Simple text, please ignore 








     i=        298
     Simple text, please ignore 








     i=        299
     Simple text, please ignore 








     i=        300
     Simple text, please ignore 








     i=        301
     Simple text, please ignore 








     i=        302
     Simple text, please ignore 








     i=        303
     Simple text, please ignore 








     i=        304
     Simple text, please ignore 








     i=        305
     Simple text, please ignore 








     i=        306
     Simple text, please ignore 








     i=        307
     Simple text, please ignore 








     i=        308
     Simple text, please ignore 








     i=        309
     Simple text, please ignore 








     i=        310
     Simple text, please ignore 








     i=        311
     Simple text, please ignore 








     i=        312
     Simple text, please ignore 








     i=        313
     Simple text, please ignore 








     i=        314
     Simple text, please ignore 








     i=        315
     Simple text, please ignore 








     i=        316
     Simple text, please ignore 








     i=        317
     Simple text, please ignore 








     i=        318
     Simple text, please ignore 








     i=        319
     Simple text, please ignore 








     i=        320
     Simple text, please ignore 








     i=        321
     Simple text, please ignore 








     i=        322
     Simple text, please ignore 








     i=        323
     Simple text, please ignore 








     i=        324
     Simple text, please ignore 








     i=        325
     Simple text, please ignore 








     i=        326
     Simple text, please ignore 








     i=        327
     Simple text, please ignore 








     i=        328
     Simple text, please ignore 








     i=        329
     Simple text, please ignore 








     i=        330
     Simple text, please ignore 








     i=        331
     Simple text, please ignore 








     i=        332
     Simple text, please ignore 








     i=        333
     Simple text, please ignore 








     i=        334
     Simple text, please ignore 








     i=        335
     Simple text, please ignore 








     i=        336
     Simple text, please ignore 








     i=        337
     Simple text, please ignore 








     i=        338
     Simple text, please ignore 








     i=        339
     Simple text, please ignore 








     i=        340
     Simple text, please ignore 








     i=        341
     Simple text, please ignore 








     i=        342
     Simple text, please ignore 








     i=        343
     Simple text, please ignore 








     i=        344
     Simple text, please ignore 








     i=        345
     Simple text, please ignore 








     i=        346
     Simple text, please ignore 








     i=        347
     Simple text, please ignore 








     i=        348
     Simple text, please ignore 








     i=        349
     Simple text, please ignore 








     i=        350
     Simple text, please ignore 








     i=        351
     Simple text, please ignore 








     i=        352
     Simple text, please ignore 








     i=        353
     Simple text, please ignore 








     i=        354
     Simple text, please ignore 








     i=        355
     Simple text, please ignore 








     i=        356
     Simple text, please ignore 








     i=        357
     Simple text, please ignore 








     i=        358
     Simple text, please ignore 








     i=        359
     Simple text, please ignore 








     i=        360
     Simple text, please ignore 








     i=        361
     Simple text, please ignore 








     i=        362
     Simple text, please ignore 








     i=        363
     Simple text, please ignore 








     i=        364
     Simple text, please ignore 








     i=        365
     Simple text, please ignore 








     i=        366
     Simple text, please ignore 








     i=        367
     Simple text, please ignore 








     i=        368
     Simple text, please ignore 








     i=        369
     Simple text, please ignore 








     i=        370
     Simple text, please ignore 








     i=        371
     Simple text, please ignore 








     i=        372
     Simple text, please ignore 








     i=        373
     Simple text, please ignore 








     i=        374
     Simple text, please ignore 








     i=        375
     Simple text, please ignore 








     i=        376
     Simple text, please ignore 








     i=        377
     Simple text, please ignore 








     i=        378
     Simple text, please ignore 








     i=        379
     Simple text, please ignore 








     i=        380
     Simple text, please ignore 








     i=        381
     Simple text, please ignore 








     i=        382
     Simple text, please ignore 








     i=        383
     Simple text, please ignore 








     i=        384
     Simple text, please ignore 








     i=        385
     Simple text, please ignore 








     i=        386
     Simple text, please ignore 








     i=        387
     Simple text, please ignore 








     i=        388
     Simple text, please ignore 








     i=        389
     Simple text, please ignore 








     i=        390
     Simple text, please ignore 








     i=        391
     Simple text, please ignore 








     i=        392
     Simple text, please ignore 








     i=        393
     Simple text, please ignore 








     i=        394
     Simple text, please ignore 








     i=        395
     Simple text, please ignore 








     i=        396
     Simple text, please ignore 








     i=        397
     Simple text, please ignore 








     i=        398
     Simple text, please ignore 








     i=        399
     Simple text, please ignore 








     i=        400
     Simple text, please ignore 








     i=        401
     Simple text, please ignore 








     i=        402
     Simple text, please ignore 








     i=        403
     Simple text, please ignore 








     i=        404
     Simple text, please ignore 








     i=        405
     Simple text, please ignore 








     i=        406
     Simple text, please ignore 








     i=        407
     Simple text, please ignore 








     i=        408
     Simple text, please ignore 








     i=        409
     Simple text, please ignore 








     i=        410
     Simple text, please ignore 








     i=        411
     Simple text, please ignore 








     i=        412
     Simple text, please ignore 








     i=        413
     Simple text, please ignore 








     i=        414
     Simple text, please ignore 








     i=        415
     Simple text, please ignore 








     i=        416
     Simple text, please ignore 








     i=        417
     Simple text, please ignore 








     i=        418
     Simple text, please ignore 








     i=        419
     Simple text, please ignore 








     i=        420
     Simple text, please ignore 








     i=        421
     Simple text, please ignore 








     i=        422
     Simple text, please ignore 








     i=        423
     Simple text, please ignore 








     i=        424
     Simple text, please ignore 








     i=        425
     Simple text, please ignore 








     i=        426
     Simple text, please ignore 








     i=        427
     Simple text, please ignore 








     i=        428
     Simple text, please ignore 








     i=        429
     Simple text, please ignore 








     i=        430
     Simple text, please ignore 








     i=        431
     Simple text, please ignore 








     i=        432
     Simple text, please ignore 








     i=        433
     Simple text, please ignore 








     i=        434
     Simple text, please ignore 








     i=        435
     Simple text, please ignore 








     i=        436
     Simple text, please ignore 








     i=        437
     Simple text, please ignore 








     i=        438
     Simple text, please ignore 








     i=        439
     Simple text, please ignore 








     i=        440
     Simple text, please ignore 








     i=        441
     Simple text, please ignore 








     i=        442
     Simple text, please ignore 








     i=        443
     Simple text, please ignore 








     i=        444
     Simple text, please ignore 








     i=        445
     Simple text, please ignore 








     i=        446
     Simple text, please ignore 








     i=        447
     Simple text, please ignore 








     i=        448
     Simple text, please ignore 








     i=        449
     Simple text, please ignore 








     i=        450
     Simple text, please ignore 








     i=        451
     Simple text, please ignore 








     i=        452
     Simple text, please ignore 








     i=        453
     Simple text, please ignore 








     i=        454
     Simple text, please ignore 








     i=        455
     Simple text, please ignore 








     i=        456
     Simple text, please ignore 








     i=        457
     Simple text, please ignore 








     i=        458
     Simple text, please ignore 








     i=        459
     Simple text, please ignore 








     i=        460
     Simple text, please ignore 








     i=        461
     Simple text, please ignore 








     i=        462
     Simple text, please ignore 








     i=        463
     Simple text, please ignore 








     i=        464
     Simple text, please ignore 








     i=        465
     Simple text, please ignore 








     i=        466
     Simple text, please ignore 








     i=        467
     Simple text, please ignore 








     i=        468
     Simple text, please ignore 








     i=        469
     Simple text, please ignore 








     i=        470
     Simple text, please ignore 








     i=        471
     Simple text, please ignore 








     i=        472
     Simple text, please ignore 








     i=        473
     Simple text, please ignore 








     i=        474
     Simple text, please ignore 








     i=        475
     Simple text, please ignore 








     i=        476
     Simple text, please ignore 








     i=        477
     Simple text, please ignore 








     i=        478
     Simple text, please ignore 








     i=        479
     Simple text, please ignore 








     i=        480
     Simple text, please ignore 








     i=        481
     Simple text, please ignore 








     i=        482
     Simple text, please ignore 








     i=        483
     Simple text, please ignore 








     i=        484
     Simple text, please ignore 








     i=        485
     Simple text, please ignore 








     i=        486
     Simple text, please ignore 








     i=        487
     Simple text, please ignore 








     i=        488
     Simple text, please ignore 








     i=        489
     Simple text, please ignore 








     i=        490
     Simple text, please ignore 








     i=        491
     Simple text, please ignore 








     i=        492
     Simple text, please ignore 








     i=        493
     Simple text, please ignore 








     i=        494
     Simple text, please ignore 








     i=        495
     Simple text, please ignore 








     i=        496
     Simple text, please ignore 








     i=        497
     Simple text, please ignore 








     i=        498
     Simple text, please ignore 








     i=        499
     Simple text, please ignore 








     i=        500
     Simple text, please ignore 








     i=        501
     Simple text, please ignore 








     i=        502
     Simple text, please ignore 








     i=        503
     Simple text, please ignore 








     i=        504
     Simple text, please ignore 








     i=        505
     Simple text, please ignore 








     i=        506
     Simple text, please ignore 








     i=        507
     Simple text, please ignore 








     i=        508
     Simple text, please ignore 








     i=        509
     Simple text, please ignore 








     i=        510
     Simple text, please ignore 








     i=        511
     Simple text, please ignore 








     i=        512
     Simple text, please ignore 








     i=        513
     Simple text, please ignore 








     i=        514
     Simple text, please ignore 








     i=        515
     Simple text, please ignore 








     i=        516
     Simple text, please ignore 








     i=        517
     Simple text, please ignore 








     i=        518
     Simple text, please ignore 








     i=        519
     Simple text, please ignore 








     i=        520
     Simple text, please ignore 








     i=        521
     Simple text, please ignore 








     i=        522
     Simple text, please ignore 








     i=        523
     Simple text, please ignore 








     i=        524
     Simple text, please ignore 








     i=        525
     Simple text, please ignore 








     i=        526
     Simple text, please ignore 








     i=        527
     Simple text, please ignore 








     i=        528
     Simple text, please ignore 








     i=        529
     Simple text, please ignore 








     i=        530
     Simple text, please ignore 








     i=        531
     Simple text, please ignore 








     i=        532
     Simple text, please ignore 








     i=        533
     Simple text, please ignore 








     i=        534
     Simple text, please ignore 








     i=        535
     Simple text, please ignore 








     i=        536
     Simple text, please ignore 








     i=        537
     Simple text, please ignore 








     i=        538
     Simple text, please ignore 








     i=        539
     Simple text, please ignore 








     i=        540
     Simple text, please ignore 








     i=        541
     Simple text, please ignore 








     i=        542
     Simple text, please ignore 








     i=        543
     Simple text, please ignore 








     i=        544
     Simple text, please ignore 








     i=        545
     Simple text, please ignore 








     i=        546
     Simple text, please ignore 








     i=        547
     Simple text, please ignore 








     i=        548
     Simple text, please ignore 








     i=        549
     Simple text, please ignore 








     i=        550
     Simple text, please ignore 








     i=        551
     Simple text, please ignore 








     i=        552
     Simple text, please ignore 








     i=        553
     Simple text, please ignore 








     i=        554
     Simple text, please ignore 








     i=        555
     Simple text, please ignore 








     i=        556
     Simple text, please ignore 








     i=        557
     Simple text, please ignore 








     i=        558
     Simple text, please ignore 








     i=        559
     Simple text, please ignore 








     i=        560
     Simple text, please ignore 








     i=        561
     Simple text, please ignore 








     i=        562
     Simple text, please ignore 








     i=        563
     Simple text, please ignore 








     i=        564
     Simple text, please ignore 








     i=        565
     Simple text, please ignore 








     i=        566
     Simple text, please ignore 








     i=        567
     Simple text, please ignore 








     i=        568
     Simple text, please ignore 








     i=        569
     Simple text, please ignore 








     i=        570
     Simple text, please ignore 








     i=        571
     Simple text, please ignore 








     i=        572
     Simple text, please ignore 








     i=        573
     Simple text, please ignore 








     i=        574
     Simple text, please ignore 








     i=        575
     Simple text, please ignore 








     i=        576
     Simple text, please ignore 








     i=        577
     Simple text, please ignore 








     i=        578
     Simple text, please ignore 








     i=        579
     Simple text, please ignore 








     i=        580
     Simple text, please ignore 








     i=        581
     Simple text, please ignore 








     i=        582
     Simple text, please ignore 








     i=        583
     Simple text, please ignore 








     i=        584
     Simple text, please ignore 








     i=        585
     Simple text, please ignore 








     i=        586
     Simple text, please ignore 








     i=        587
     Simple text, please ignore 








     i=        588
     Simple text, please ignore 








     i=        589
     Simple text, please ignore 








     i=        590
     Simple text, please ignore 








     i=        591
     Simple text, please ignore 








     i=        592
     Simple text, please ignore 








     i=        593
     Simple text, please ignore 








     i=        594
     Simple text, please ignore 








     i=        595
     Simple text, please ignore 








     i=        596
     Simple text, please ignore 








     i=        597
     Simple text, please ignore 








     i=        598
     Simple text, please ignore 








     i=        599
     Simple text, please ignore 








     i=        600
     Simple text, please ignore 








     i=        601
     Simple text, please ignore 








     i=        602
     Simple text, please ignore 








     i=        603
     Simple text, please ignore 








     i=        604
     Simple text, please ignore 








     i=        605
     Simple text, please ignore 








     i=        606
     Simple text, please ignore 








     i=        607
     Simple text, please ignore 








     i=        608
     Simple text, please ignore 








     i=        609
     Simple text, please ignore 








     i=        610
     Simple text, please ignore 








     i=        611
     Simple text, please ignore 








     i=        612
     Simple text, please ignore 








     i=        613
     Simple text, please ignore 








     i=        614
     Simple text, please ignore 








     i=        615
     Simple text, please ignore 








     i=        616
     Simple text, please ignore 








     i=        617
     Simple text, please ignore 








     i=        618
     Simple text, please ignore 








     i=        619
     Simple text, please ignore 








     i=        620
     Simple text, please ignore 








     i=        621
     Simple text, please ignore 








     i=        622
     Simple text, please ignore 








     i=        623
     Simple text, please ignore 








     i=        624
     Simple text, please ignore 








     i=        625
     Simple text, please ignore 








     i=        626
     Simple text, please ignore 








     i=        627
     Simple text, please ignore 








     i=        628
     Simple text, please ignore 








     i=        629
     Simple text, please ignore 








     i=        630
     Simple text, please ignore 








     i=        631
     Simple text, please ignore 








     i=        632
     Simple text, please ignore 








     i=        633
     Simple text, please ignore 








     i=        634
     Simple text, please ignore 








     i=        635
     Simple text, please ignore 








     i=        636
     Simple text, please ignore 








     i=        637
     Simple text, please ignore 








     i=        638
     Simple text, please ignore 








     i=        639
     Simple text, please ignore 








     i=        640
     Simple text, please ignore 








     i=        641
     Simple text, please ignore 








     i=        642
     Simple text, please ignore 








     i=        643
     Simple text, please ignore 








     i=        644
     Simple text, please ignore 








     i=        645
     Simple text, please ignore 








     i=        646
     Simple text, please ignore 








     i=        647
     Simple text, please ignore 








     i=        648
     Simple text, please ignore 








     i=        649
     Simple text, please ignore 








     i=        650
     Simple text, please ignore 








     i=        651
     Simple text, please ignore 








     i=        652
     Simple text, please ignore 








     i=        653
     Simple text, please ignore 








     i=        654
     Simple text, please ignore 








     i=        655
     Simple text, please ignore 








     i=        656
     Simple text, please ignore 








     i=        657
     Simple text, please ignore 








     i=        658
     Simple text, please ignore 








     i=        659
     Simple text, please ignore 








     i=        660
     Simple text, please ignore 








     i=        661
     Simple text, please ignore 








     i=        662
     Simple text, please ignore 








     i=        663
     Simple text, please ignore 








     i=        664
     Simple text, please ignore 








     i=        665
     Simple text, please ignore 








     i=        666
     Simple text, please ignore 








     i=        667
     Simple text, please ignore 








     i=        668
     Simple text, please ignore 








     i=        669
     Simple text, please ignore 








     i=        670
     Simple text, please ignore 








     i=        671
     Simple text, please ignore 








     i=        672
     Simple text, please ignore 








     i=        673
     Simple text, please ignore 








     i=        674
     Simple text, please ignore 








     i=        675
     Simple text, please ignore 








     i=        676
     Simple text, please ignore 








     i=        677
     Simple text, please ignore 








     i=        678
     Simple text, please ignore 








     i=        679
     Simple text, please ignore 








     i=        680
     Simple text, please ignore 








     i=        681
     Simple text, please ignore 








     i=        682
     Simple text, please ignore 








     i=        683
     Simple text, please ignore 








     i=        684
     Simple text, please ignore 








     i=        685
     Simple text, please ignore 








     i=        686
     Simple text, please ignore 








     i=        687
     Simple text, please ignore 








     i=        688
     Simple text, please ignore 








     i=        689
     Simple text, please ignore 








     i=        690
     Simple text, please ignore 








     i=        691
     Simple text, please ignore 








     i=        692
     Simple text, please ignore 








     i=        693
     Simple text, please ignore 








     i=        694
     Simple text, please ignore 








     i=        695
     Simple text, please ignore 








     i=        696
     Simple text, please ignore 








     i=        697
     Simple text, please ignore 








     i=        698
     Simple text, please ignore 








     i=        699
     Simple text, please ignore 








     i=        700
     Simple text, please ignore 








     i=        701
     Simple text, please ignore 








     i=        702
     Simple text, please ignore 








     i=        703
     Simple text, please ignore 








     i=        704
     Simple text, please ignore 








     i=        705
     Simple text, please ignore 








     i=        706
     Simple text, please ignore 








     i=        707
     Simple text, please ignore 








     i=        708
     Simple text, please ignore 








     i=        709
     Simple text, please ignore 








     i=        710
     Simple text, please ignore 








     i=        711
     Simple text, please ignore 








     i=        712
     Simple text, please ignore 








     i=        713
     Simple text, please ignore 








     i=        714
     Simple text, please ignore 








     i=        715
     Simple text, please ignore 








     i=        716
     Simple text, please ignore 








     i=        717
     Simple text, please ignore 








     i=        718
     Simple text, please ignore 








     i=        719
     Simple text, please ignore 








     i=        720
     Simple text, please ignore 








     i=        721
     Simple text, please ignore 








     i=        722
     Simple text, please ignore 








     i=        723
     Simple text, please ignore 








     i=        724
     Simple text, please ignore 








     i=        725
     Simple text, please ignore 








     i=        726
     Simple text, please ignore 








     i=        727
     Simple text, please ignore 








     i=        728
     Simple text, please ignore 








     i=        729
     Simple text, please ignore 








     i=        730
     Simple text, please ignore 








     i=        731
     Simple text, please ignore 








     i=        732
     Simple text, please ignore 








     i=        733
     Simple text, please ignore 








     i=        734
     Simple text, please ignore 








     i=        735
     Simple text, please ignore 








     i=        736
     Simple text, please ignore 








     i=        737
     Simple text, please ignore 








     i=        738
     Simple text, please ignore 








     i=        739
     Simple text, please ignore 








     i=        740
     Simple text, please ignore 








     i=        741
     Simple text, please ignore 








     i=        742
     Simple text, please ignore 








     i=        743
     Simple text, please ignore 








     i=        744
     Simple text, please ignore 








     i=        745
     Simple text, please ignore 








     i=        746
     Simple text, please ignore 








     i=        747
     Simple text, please ignore 








     i=        748
     Simple text, please ignore 








     i=        749
     Simple text, please ignore 








     i=        750
     Simple text, please ignore 








     i=        751
     Simple text, please ignore 








     i=        752
     Simple text, please ignore 








     i=        753
     Simple text, please ignore 








     i=        754
     Simple text, please ignore 








     i=        755
     Simple text, please ignore 








     i=        756
     Simple text, please ignore 








     i=        757
     Simple text, please ignore 








     i=        758
     Simple text, please ignore 








     i=        759
     Simple text, please ignore 








     i=        760
     Simple text, please ignore 








     i=        761
     Simple text, please ignore 








     i=        762
     Simple text, please ignore 








     i=        763
     Simple text, please ignore 








     i=        764
     Simple text, please ignore 








     i=        765
     Simple text, please ignore 








     i=        766
     Simple text, please ignore 








     i=        767
     Simple text, please ignore 








     i=        768
     Simple text, please ignore 








     i=        769
     Simple text, please ignore 








     i=        770
     Simple text, please ignore 








     i=        771
     Simple text, please ignore 








     i=        772
     Simple text, please ignore 








     i=        773
     Simple text, please ignore 








     i=        774
     Simple text, please ignore 








     i=        775
     Simple text, please ignore 








     i=        776
     Simple text, please ignore 








     i=        777
     Simple text, please ignore 








     i=        778
     Simple text, please ignore 








     i=        779
     Simple text, please ignore 








     i=        780
     Simple text, please ignore 








     i=        781
     Simple text, please ignore 








     i=        782
     Simple text, please ignore 








     i=        783
     Simple text, please ignore 








     i=        784
     Simple text, please ignore 








     i=        785
     Simple text, please ignore 








     i=        786
     Simple text, please ignore 








     i=        787
     Simple text, please ignore 








     i=        788
     Simple text, please ignore 








     i=        789
     Simple text, please ignore 








     i=        790
     Simple text, please ignore 








     i=        791
     Simple text, please ignore 








     i=        792
     Simple text, please ignore 








     i=        793
     Simple text, please ignore 








     i=        794
     Simple text, please ignore 








     i=        795
     Simple text, please ignore 








     i=        796
     Simple text, please ignore 








     i=        797
     Simple text, please ignore 








     i=        798
     Simple text, please ignore 








     i=        799
     Simple text, please ignore 








     i=        800
     Simple text, please ignore 








     i=        801
     Simple text, please ignore 








     i=        802
     Simple text, please ignore 








     i=        803
     Simple text, please ignore 








     i=        804
     Simple text, please ignore 








     i=        805
     Simple text, please ignore 








     i=        806
     Simple text, please ignore 








     i=        807
     Simple text, please ignore 








     i=        808
     Simple text, please ignore 








     i=        809
     Simple text, please ignore 








     i=        810
     Simple text, please ignore 








     i=        811
     Simple text, please ignore 








     i=        812
     Simple text, please ignore 








     i=        813
     Simple text, please ignore 








     i=        814
     Simple text, please ignore 








     i=        815
     Simple text, please ignore 








     i=        816
     Simple text, please ignore 








     i=        817
     Simple text, please ignore 








     i=        818
     Simple text, please ignore 








     i=        819
     Simple text, please ignore 








     i=        820
     Simple text, please ignore 








     i=        821
     Simple text, please ignore 








     i=        822
     Simple text, please ignore 








     i=        823
     Simple text, please ignore 








     i=        824
     Simple text, please ignore 








     i=        825
     Simple text, please ignore 








     i=        826
     Simple text, please ignore 








     i=        827
     Simple text, please ignore 








     i=        828
     Simple text, please ignore 








     i=        829
     Simple text, please ignore 








     i=        830
     Simple text, please ignore 








     i=        831
     Simple text, please ignore 








     i=        832
     Simple text, please ignore 








     i=        833
     Simple text, please ignore 








     i=        834
     Simple text, please ignore 








     i=        835
     Simple text, please ignore 








     i=        836
     Simple text, please ignore 








     i=        837
     Simple text, please ignore 








     i=        838
     Simple text, please ignore 








     i=        839
     Simple text, please ignore 








     i=        840
     Simple text, please ignore 








     i=        841
     Simple text, please ignore 








     i=        842
     Simple text, please ignore 








     i=        843
     Simple text, please ignore 








     i=        844
     Simple text, please ignore 








     i=        845
     Simple text, please ignore 








     i=        846
     Simple text, please ignore 








     i=        847
     Simple text, please ignore 








     i=        848
     Simple text, please ignore 








     i=        849
     Simple text, please ignore 








     i=        850
     Simple text, please ignore 








     i=        851
     Simple text, please ignore 








     i=        852
     Simple text, please ignore 








     i=        853
     Simple text, please ignore 








     i=        854
     Simple text, please ignore 








     i=        855
     Simple text, please ignore 








     i=        856
     Simple text, please ignore 








     i=        857
     Simple text, please ignore 








     i=        858
     Simple text, please ignore 








     i=        859
     Simple text, please ignore 








     i=        860
     Simple text, please ignore 








     i=        861
     Simple text, please ignore 








     i=        862
     Simple text, please ignore 








     i=        863
     Simple text, please ignore 








     i=        864
     Simple text, please ignore 








     i=        865
     Simple text, please ignore 








     i=        866
     Simple text, please ignore 








     i=        867
     Simple text, please ignore 








     i=        868
     Simple text, please ignore 








     i=        869
     Simple text, please ignore 








     i=        870
     Simple text, please ignore 








     i=        871
     Simple text, please ignore 








     i=        872
     Simple text, please ignore 








     i=        873
     Simple text, please ignore 








     i=        874
     Simple text, please ignore 








     i=        875
     Simple text, please ignore 








     i=        876
     Simple text, please ignore 








     i=        877
     Simple text, please ignore 








     i=        878
     Simple text, please ignore 








     i=        879
     Simple text, please ignore 








     i=        880
     Simple text, please ignore 








     i=        881
     Simple text, please ignore 








     i=        882
     Simple text, please ignore 








     i=        883
     Simple text, please ignore 








     i=        884
     Simple text, please ignore 








     i=        885
     Simple text, please ignore 








     i=        886
     Simple text, please ignore 








     i=        887
     Simple text, please ignore 








     i=        888
     Simple text, please ignore 








     i=        889
     Simple text, please ignore 








     i=        890
     Simple text, please ignore 








     i=        891
     Simple text, please ignore 








     i=        892
     Simple text, please ignore 








     i=        893
     Simple text, please ignore 








     i=        894
     Simple text, please ignore 








     i=        895
     Simple text, please ignore 








     i=        896
     Simple text, please ignore 








     i=        897
     Simple text, please ignore 








     i=        898
     Simple text, please ignore 








     i=        899
     Simple text, please ignore 








     i=        900
     Simple text, please ignore 








     i=        901
     Simple text, please ignore 








     i=        902
     Simple text, please ignore 








     i=        903
     Simple text, please ignore 








     i=        904
     Simple text, please ignore 








     i=        905
     Simple text, please ignore 








     i=        906
     Simple text, please ignore 








     i=        907
     Simple text, please ignore 








     i=        908
     Simple text, please ignore 








     i=        909
     Simple text, please ignore 








     i=        910
     Simple text, please ignore 








     i=        911
     Simple text, please ignore 








     i=        912
     Simple text, please ignore 








     i=        913
     Simple text, please ignore 








     i=        914
     Simple text, please ignore 








     i=        915
     Simple text, please ignore 








     i=        916
     Simple text, please ignore 








     i=        917
     Simple text, please ignore 








     i=        918
     Simple text, please ignore 








     i=        919
     Simple text, please ignore 








     i=        920
     Simple text, please ignore 








     i=        921
     Simple text, please ignore 








     i=        922
     Simple text, please ignore 








     i=        923
     Simple text, please ignore 








     i=        924
     Simple text, please ignore 








     i=        925
     Simple text, please ignore 








     i=        926
     Simple text, please ignore 








     i=        927
     Simple text, please ignore 








     i=        928
     Simple text, please ignore 








     i=        929
     Simple text, please ignore 








     i=        930
     Simple text, please ignore 








     i=        931
     Simple text, please ignore 








     i=        932
     Simple text, please ignore 








     i=        933
     Simple text, please ignore 








     i=        934
     Simple text, please ignore 








     i=        935
     Simple text, please ignore 








     i=        936
     Simple text, please ignore 








     i=        937
     Simple text, please ignore 








     i=        938
     Simple text, please ignore 








     i=        939
     Simple text, please ignore 








     i=        940
     Simple text, please ignore 








     i=        941
     Simple text, please ignore 








     i=        942
     Simple text, please ignore 








     i=        943
     Simple text, please ignore 








     i=        944
     Simple text, please ignore 








     i=        945
     Simple text, please ignore 








     i=        946
     Simple text, please ignore 








     i=        947
     Simple text, please ignore 








     i=        948
     Simple text, please ignore 








     i=        949
     Simple text, please ignore 








     i=        950
     Simple text, please ignore 








     i=        951
     Simple text, please ignore 








     i=        952
     Simple text, please ignore 








     i=        953
     Simple text, please ignore 








     i=        954
     Simple text, please ignore 








     i=        955
     Simple text, please ignore 








     i=        956
     Simple text, please ignore 








     i=        957
     Simple text, please ignore 








     i=        958
     Simple text, please ignore 








     i=        959
     Simple text, please ignore 








     i=        960
     Simple text, please ignore 








     i=        961
     Simple text, please ignore 








     i=        962
     Simple text, please ignore 








     i=        963
     Simple text, please ignore 








     i=        964
     Simple text, please ignore 








     i=        965
     Simple text, please ignore 








     i=        966
     Simple text, please ignore 








     i=        967
     Simple text, please ignore 








     i=        968
     Simple text, please ignore 








     i=        969
     Simple text, please ignore 








     i=        970
     Simple text, please ignore 








     i=        971
     Simple text, please ignore 








     i=        972
     Simple text, please ignore 








     i=        973
     Simple text, please ignore 








     i=        974
     Simple text, please ignore 








     i=        975
     Simple text, please ignore 








     i=        976
     Simple text, please ignore 








     i=        977
     Simple text, please ignore 








     i=        978
     Simple text, please ignore 








     i=        979
     Simple text, please ignore 








     i=        980
     Simple text, please ignore 








     i=        981
     Simple text, please ignore 








     i=        982
     Simple text, please ignore 








     i=        983
     Simple text, please ignore 








     i=        984
     Simple text, please ignore 








     i=        985
     Simple text, please ignore 








     i=        986
     Simple text, please ignore 








     i=        987
     Simple text, please ignore 








     i=        988
     Simple text, please ignore 








     i=        989
     Simple text, please ignore 








     i=        990
     Simple text, please ignore 








     i=        991
     Simple text, please ignore 








     i=        992
     Simple text, please ignore 








     i=        993
     Simple text, please ignore 








     i=        994
     Simple text, please ignore 








     i=        995
     Simple text, please ignore 








     i=        996
     Simple text, please ignore 








     i=        997
     Simple text, please ignore 








     i=        998
     Simple text, please ignore 








     i=        999
     Simple text, please ignore 








     i=       1000
     Simple text, please ignore 








     i=       1001
     Simple text, please ignore 








     i=       1002
     Simple text, please ignore 








     i=       1003
     Simple text, please ignore 








     i=       1004
     Simple text, please ignore 








     i=       1005
     Simple text, please ignore 








     i=       1006
     Simple text, please ignore 








     i=       1007
     Simple text, please ignore 








     i=       1008
     Simple text, please ignore 








     i=       1009
     Simple text, please ignore 








     i=       1010
     Simple text, please ignore 








     i=       1011
     Simple text, please ignore 








     i=       1012
     Simple text, please ignore 








     i=       1013
     Simple text, please ignore 








     i=       1014
     Simple text, please ignore 








     i=       1015
     Simple text, please ignore 








     i=       1016
     Simple text, please ignore 








     i=       1017
     Simple text, please ignore 








     i=       1018
     Simple text, please ignore 








     i=       1019
     Simple text, please ignore 








     i=       1020
     Simple text, please ignore 








     i=       1021
     Simple text, please ignore 








     i=       1022
     Simple text, please ignore 








     i=       1023
     Simple text, please ignore 








     i=       1024
     Simple text, please ignore 








     i=       1025
     Simple text, please ignore 








     i=       1026
     Simple text, please ignore 








     i=       1027
     Simple text, please ignore 








     i=       1028
     Simple text, please ignore 








     i=       1029
     Simple text, please ignore 








     i=       1030
     Simple text, please ignore 








     i=       1031
     Simple text, please ignore 








     i=       1032
     Simple text, please ignore 








     i=       1033
     Simple text, please ignore 








     i=       1034
     Simple text, please ignore 








     i=       1035
     Simple text, please ignore 








     i=       1036
     Simple text, please ignore 








     i=       1037
     Simple text, please ignore 








     i=       1038
     Simple text, please ignore 








     i=       1039
     Simple text, please ignore 








     i=       1040
     Simple text, please ignore 








     i=       1041
     Simple text, please ignore 








     i=       1042
     Simple text, please ignore 








     i=       1043
     Simple text, please ignore 








     i=       1044
     Simple text, please ignore 








     i=       1045
     Simple text, please ignore 








     i=       1046
     Simple text, please ignore 








     i=       1047
     Simple text, please ignore 








     i=       1048
     Simple text, please ignore 








     i=       1049
     Simple text, please ignore 








     i=       1050
     Simple text, please ignore 








     i=       1051
     Simple text, please ignore 








     i=       1052
     Simple text, please ignore 








     i=       1053
     Simple text, please ignore 








     i=       1054
     Simple text, please ignore 








     i=       1055
     Simple text, please ignore 








     i=       1056
     Simple text, please ignore 








     i=       1057
     Simple text, please ignore 








     i=       1058
     Simple text, please ignore 








     i=       1059
     Simple text, please ignore 








     i=       1060
     Simple text, please ignore 








     i=       1061
     Simple text, please ignore 








     i=       1062
     Simple text, please ignore 








     i=       1063
     Simple text, please ignore 








     i=       1064
     Simple text, please ignore 








     i=       1065
     Simple text, please ignore 








     i=       1066
     Simple text, please ignore 








     i=       1067
     Simple text, please ignore 








     i=       1068
     Simple text, please ignore 








     i=       1069
     Simple text, please ignore 








     i=       1070
     Simple text, please ignore 








     i=       1071
     Simple text, please ignore 








     i=       1072
     Simple text, please ignore 








     i=       1073
     Simple text, please ignore 








     i=       1074
     Simple text, please ignore 








     i=       1075
     Simple text, please ignore 








     i=       1076
     Simple text, please ignore 








     i=       1077
     Simple text, please ignore 








     i=       1078
     Simple text, please ignore 








     i=       1079
     Simple text, please ignore 








     i=       1080
     Simple text, please ignore 








     i=       1081
     Simple text, please ignore 








     i=       1082
     Simple text, please ignore 








     i=       1083
     Simple text, please ignore 








     i=       1084
     Simple text, please ignore 








     i=       1085
     Simple text, please ignore 








     i=       1086
     Simple text, please ignore 








     i=       1087
     Simple text, please ignore 








     i=       1088
     Simple text, please ignore 








     i=       1089
     Simple text, please ignore 








     i=       1090
     Simple text, please ignore 








     i=       1091
     Simple text, please ignore 








     i=       1092
     Simple text, please ignore 








     i=       1093
     Simple text, please ignore 








     i=       1094
     Simple text, please ignore 








     i=       1095
     Simple text, please ignore 








     i=       1096
     Simple text, please ignore 








     i=       1097
     Simple text, please ignore 








     i=       1098
     Simple text, please ignore 








     i=       1099
     Simple text, please ignore 








     i=       1100
     Simple text, please ignore 





