
Fcn:d=       18.50 n=          19
Retn :       19.00

Fcn:d=        0.90 n=           1
Retn :        1.00

Fcn:d=        8.50 n=           9
Retn :        9.00

Fcn:d=        9.49 n=           9
Retn :        9.00

Fcn:d=        9.59 n=          10
Retn :       10.00

Fcn:d=        9.99 n=          10
Retn :       10.00
