aasdf                                            rtg     1234.56
aasdf                                            rtg     1234.56
aasdf                                            rtg     1234.56
aasdf                                            rtg     1234.56
aasdf                                            rtg     1234.56
aasdf                                            rtg     1234.56
aasdf                                            rtg     1234.56
aasdf                                            rtg     1234.56
aasdf                                            rtg     1234.56
aasdf                                            rtg     1234.56
aasdf                                            rtg     1234.56
aasdf                                            rtg     1234.56
aasdf                                            rtg     1234.56
aasdf                                            rtg     1234.56
aasdf                                            rtg     1234.56
aasdf                                            rtg     1234.56
aasdf                                            rtg     1234.56
aasdf                                            rtg     1234.56
aasdf                                            rtg     1234.56
aasdf                                            rtg     1234.56
aasdf                                            rtg     1234.56
aasdf                                            rtg     1234.56
aasdf                                            rtg     1234.56
aasdf                                            rtg     1234.56
aasdf                                            rtg     1234.56
aasdf                                            rtg     1234.56
aasdf                                            rtg     1234.56
aasdf                                            rtg     1234.56
aasdf                                            rtg     1234.56
aasdf                                            rtg     1234.56
aasdf                                            rtg     1234.56
aasdf                                            rtg     1234.56
aasdf                                            rtg     1234.56
aasdf                                            rtg     1234.56
aasdf                                            rtg     1234.56
aasdf                                            rtg     1234.56
aasdf                                            rtg     1234.56
aasdf                                            rtg     1234.56
aasdf                                            rtg     1234.56
aasdf                                            rtg     1234.56
aasdf                                            rtg     1234.56
aasdf                                            rtg     1234.56
aasdf                                            rtg     1234.56
aasdf                                            rtg     1234.56
aasdf                                            rtg     1234.56
aasdf                                            rtg     1234.56
aasdf                                            rtg     1234.56
aasdf                                            rtg     1234.56
aasdf                                            rtg     1234.56
aasdf                                            rtg     1234.56
aasdf                                            rtg     1234.56
aasdf                                            rtg     1234.56
aasdf                                            rtg     1234.56
aasdf                                            rtg     1234.56
aasdf                                            rtg     1234.56
aasdf                                            rtg     1234.56
aasdf                                            rtg     1234.56
aasdf                                            rtg     1234.56
aasdf                                            rtg     1234.56
aasdf                                            rtg     1234.56
aasdf                                            rtg     1234.56
aasdf                                            rtg     1234.56
aasdf                                            rtg     1234.56
aasdf                                            rtg     1234.56
aasdf                                            rtg     1234.56
aasdf                                            rtg     1234.56
aasdf                                            rtg     1234.56
aasdf                                            rtg     1234.56
aasdf                                            rtg     1234.56
aasdf                                            rtg     1234.56
aasdf                                            rtg     1234.56
aasdf                                            rtg     1234.56
aasdf                                            rtg     1234.56
aasdf                                            rtg     1234.56
aasdf                                            rtg     1234.56
aasdf                                            rtg     1234.56
aasdf                                            rtg     1234.56
aasdf                                            rtg     1234.56
aasdf                                            rtg     1234.56
aasdf                                            rtg     1234.56
aasdf                                            rtg     1234.56
aasdf                                            rtg     1234.56
aasdf                                            rtg     1234.56
aasdf                                            rtg     1234.56
aasdf                                            rtg     1234.56
aasdf                                            rtg     1234.56
aasdf                                            rtg     1234.56
aasdf                                            rtg     1234.56
aasdf                                            rtg     1234.56
aasdf                                            rtg     1234.56
aasdf                                            rtg     1234.56
aasdf                                            rtg     1234.56
aasdf                                            rtg     1234.56
aasdf                                            rtg     1234.56
aasdf                                            rtg     1234.56
aasdf                                            rtg     1234.56
aasdf                                            rtg     1234.56
aasdf                                            rtg     1234.56
aasdf                                            rtg     1234.56
aasdf                                            rtg     1234.56
aasdf                                            rtg     1234.56
aasdf                                            rtg     1234.56
aasdf                                            rtg     1234.56
aasdf                                            rtg     1234.56
aasdf                                            rtg     1234.56
aasdf                                            rtg     1234.56
aasdf                                            rtg     1234.56
aasdf                                            rtg     1234.56
aasdf                                            rtg     1234.56
aasdf                                            rtg     1234.56
aasdf                                            rtg     1234.56
aasdf                                            rtg     1234.56
aasdf                                            rtg     1234.56
aasdf                                            rtg     1234.56
aasdf                                            rtg     1234.56
aasdf                                            rtg     1234.56
aasdf                                            rtg     1234.56
aasdf                                            rtg     1234.56
aasdf                                            rtg     1234.56
aasdf                                            rtg     1234.56
aasdf                                            rtg     1234.56
aasdf                                            rtg     1234.56
aasdf                                            rtg     1234.56
aasdf                                            rtg     1234.56
aasdf                                            rtg     1234.56
aasdf                                            rtg     1234.56
aasdf                                            rtg     1234.56
aasdf                                            rtg     1234.56
aasdf                                            rtg     1234.56
aasdf                                            rtg     1234.56
aasdf                                            rtg     1234.56
aasdf                                            rtg     1234.56
aasdf                                            rtg     1234.56
aasdf                                            rtg     1234.56
aasdf                                            rtg     1234.56
aasdf                                            rtg     1234.56
aasdf                                            rtg     1234.56
aasdf                                            rtg     1234.56
aasdf                                            rtg     1234.56
aasdf                                            rtg     1234.56
aasdf                                            rtg     1234.56
aasdf                                            rtg     1234.56
aasdf                                            rtg     1234.56
aasdf                                            rtg     1234.56
aasdf                                            rtg     1234.56
aasdf                                            rtg     1234.56
aasdf                                            rtg     1234.56
aasdf                                            rtg     1234.56
aasdf                                            rtg     1234.56
aasdf                                            rtg     1234.56
aasdf                                            rtg     1234.56
aasdf                                            rtg     1234.56
aasdf                                            rtg     1234.56
aasdf                                            rtg     1234.56
aasdf                                            rtg     1234.56
aasdf                                            rtg     1234.56
aasdf                                            rtg     1234.56
aasdf                                            rtg     1234.56
aasdf                                            rtg     1234.56
aasdf                                            rtg     1234.56
aasdf                                            rtg     1234.56
aasdf                                            rtg     1234.56
aasdf                                            rtg     1234.56
aasdf                                            rtg     1234.56
aasdf                                            rtg     1234.56
aasdf                                            rtg     1234.56
aasdf                                            rtg     1234.56
aasdf                                            rtg     1234.56
aasdf                                            rtg     1234.56
aasdf                                            rtg     1234.56
aasdf                                            rtg     1234.56
aasdf                                            rtg     1234.56
aasdf                                            rtg     1234.56
aasdf                                            rtg     1234.56
aasdf                                            rtg     1234.56
aasdf                                            rtg     1234.56
aasdf                                            rtg     1234.56
aasdf                                            rtg     1234.56
aasdf                                            rtg     1234.56
aasdf                                            rtg     1234.56
aasdf                                            rtg     1234.56
aasdf                                            rtg     1234.56
aasdf                                            rtg     1234.56
aasdf                                            rtg     1234.56
aasdf                                            rtg     1234.56
aasdf                                            rtg     1234.56
aasdf                                            rtg     1234.56
aasdf                                            rtg     1234.56
aasdf                                            rtg     1234.56
aasdf                                            rtg     1234.56
aasdf                                            rtg     1234.56
aasdf                                            rtg     1234.56
aasdf                                            rtg     1234.56
aasdf                                            rtg     1234.56
aasdf                                            rtg     1234.56
aasdf                                            rtg     1234.56
aasdf                                            rtg     1234.56
aasdf                                            rtg     1234.56
aasdf                                            rtg     1234.56
aasdf                                            rtg     1234.56
END OF REPORT















