>1                              1 <1                              1
>2                              2 <2                              2
>3                              3 <3                              3
>4                              4 <4                              4
>5                              5 <5                              5
>6                              6 <6                              6
>7                              7 <7                              7
>8                              8 <8                              8
>9                              9 <9                              9
>10                            10 <10                            10
>11                            11 <11                            11
>12                            12 <12                            12
>13                            13 <13                            13
>14                            14 <14                            14
>15                            15 <15                            15
>16                            16 <16                            16
>17                            17 <17                            17
>18                            18 <18                            18
>19                            19 <19                            19
>20                            20 <20                            20
>98                             1 <
>97                             2 <
>96                             3 <
>95                             4 <
>94                             5 <
>93                             6 <
>92                             7 <
>91                             8 <
>90                             9 <
>89                            10 <
>88                            11 <
>87                            12 <
>86                            13 <
>85                            14 <
>84                            15 <
>83                            16 <
>82                            17 <
>81                            18 <
>80                            19 <
>79                            20 <
