

Header 1
Header 2

Header 3
table_1                       
table_2                       
table_3                       
table_4                       
table_5                       
table_6                       
table_7                       
table_8                       
table_9                       
table_10                      
table_11                      
table_12                      
table_13                      
table_14                      
table_15                      
table_16                      
table_17                      
table_18                      
table_19                      
table_20                      
table_21                      
table_22                      
table_23                      
table_24                      
table_25                      
table_26                      
table_27                      
table_28                      
table_29                      
table_30                      
table_31                      
table_32                      
table_33                      
table_34                      
table_35                      
table_36                      
table_37                      
table_38                      
table_39                      
table_40                      
table_41                      
table_42                      
table_43                      
table_44                      
table_45                      
table_46                      
table_47                      
table_48                      
table_49                      
table_50                      
table_51                      
table_52                      
table_53                      
table_54                      


trailer 1
trailer 2


