ph
l=          1           1
l=          2           2
l=          3           3
l=          4           4
l=          5           5

pt1
pt2
pt3
ph
l=          6           1
l=          7           2
l=          8           3
l=          9           4
l=         10           5

pt1
pt2
pt3
ph
l=         11           1
l=         12           2
l=         13           3
l=         14           4
l=         15           5

pt1
pt2
pt3
