Hello World
NewLine
NewLine2
                                                                                                                                                                                                                                                                                                                                                                                                                                                                                       
xx:xx
