         xxxxxxxxxxxxxxxxxxxxxxxxx xxxxxxxxxxxxxxxxxxxxx xxxxxxxxxxxxxxxxxx 
         xxxxxxxxxxxxxxyyyyyyyyyyyyyyyyyyyyyyyyy yyyyyyyyyyyyyyyyyyyyy 
         yyyyyyyyyyyyyyyyyy yyyyyyyyyyyyyy                                             
         aaaaaaaaaaaaaaaaaaaaaaaaa aaaaaaaaaaaaaaaaaaaaa aaaaaaaaaaaaaaaaaa 
         aaaaaaaaaaaaaabbbbbbbbbbbbbbbbbbbbbbbbb bbbbbbbbbbbbbbbbbbbbb 
         bbbbbbbbbbbbbbbbbb bbbbbbbbbbbbbb                                             










































































