Loop 1
          1
          2
          3
          4
          5
          6
          7
          8
          9
         10
         11
         12
         13
         14
         15
         16
         17
         18
         19
         20
Loop 2
          1
          2
          3
          4
          5
          6
          7
          8
          9
         10
         11
         12
         13
         14
         15
         16
         17
         18
         19
         20
Loop 3
         20
         19
         18
         17
         16
         15
         14
         13
         12
         11
         10
          9
          8
          7
          6
          5
          4
          3
          2
          1
Loop 4
          1
          2
          3
          4
          5
          6
          7
          8
          9
         10
Loop 5
          1
          2
          3
          4
          5
          6
          7
          8
          9
         10
Loop 6
         10
          9
          8
          7
          6
          5
          4
          3
          2
          1
Loop 7
          1
          2
          3
          4
          5
          6
          7
          8
          9
         10
Loop 8
          1
          2
          3
          4
          5
          6
          7
          8
          9
         10
Loop 9
         10
          9
          8
          7
          6
          5
          4
          3
          2
          1
Loop 10
          1
          2
          3
          4
          5
          6
          7
          8
          9
         10
Loop 11
          1
          2
          3
          4
          5
          6
          7
          8
          9
         10
Loop 12
         10
          9
          8
          7
          6
          5
          4
          3
          2
          1
Loop 13
          1
          2
          3
          4
          5
          6
          7
          8
          9
         10
         11
         12
         13
         14
         15
         16
         17
         18
         19
         20
Loop 14
          1
          2
          3
          4
          5
          6
          7
          8
          9
         10
         11
         12
         13
         14
         15
         16
         17
         18
         19
         20
Loop 15
         20
         19
         18
         17
         16
         15
         14
         13
         12
         11
         10
          9
          8
          7
          6
          5
          4
          3
          2
          1
Loop 16
          1
          2
          3
          4
          5
          6
          7
          8
          9
         10
Loop 17
          1
          2
          3
          4
          5
          6
          7
          8
          9
         10
Loop 18
         10
          9
          8
          7
          6
          5
          4
          3
          2
          1
Loop 19
          1
          2
          3
          4
          5
          6
          7
          8
          9
         10
Loop 20
          1
          2
          3
          4
          5
          6
          7
          8
          9
         10
Loop 21
         10
          9
          8
          7
          6
          5
          4
          3
          2
          1
Loop 22
          1
          2
          3
          4
          5
          6
          7
          8
          9
         10
Loop 23
          1
          2
          3
          4
          5
          6
          7
          8
          9
         10
Loop 24
         10
          9
          8
          7
          6
          5
          4
          3
          2
          1
