INT=          0=
SMALLINT=     0=
CHAR= =
CHAR_10=          =
          1: INT=          1=
          2: INT=          2=
          3: INT=          3=
          4: INT=          4=
          5: INT=          5=
          6: INT=          6=
          7: INT=          7=
          8: INT=          8=
          9: INT=          9=
         10: INT=         10=
